#-----------------------------------------------------------
# Vivado v2023.1 (64-bit)
# SW Build 3865809 on Sun May  7 15:04:56 MDT 2023
# IP Build 3864474 on Sun May  7 20:36:21 MDT 2023
# SharedData Build 3865790 on Sun May 07 13:33:03 MDT 2023
# Start of session at: Mon Jun 30 11:24:06 2025
# Process ID: 804093
# Current directory: /home/bgodfrey/CASPER/mlib_devel
# Command line: vivado
# Log file: /home/bgodfrey/CASPER/mlib_devel/vivado.log
# Journal file: /home/bgodfrey/CASPER/mlib_devel/vivado.jou
# Running On: panoseti, OS: Linux, CPU Frequency: 1434.904 MHz, CPU Physical cores: 16, Host memory: 50442 MB
#-----------------------------------------------------------
WARNING: [Runs 36-547] Tool Strategy 'Vivado Synthesis Defaults' from file '/data/Tools/Xilinx/Vivado/2023.1/strategies/VDS2014.psg' discarded because strategy with same name already parsed from '/data/Tools/Xilinx/Vivado/2023.1//strategies/VDS2014.psg'
WARNING: [Runs 36-547] Tool Strategy 'Flow_RuntimeOptimized' from file '/data/Tools/Xilinx/Vivado/2023.1/strategies/VDS2014.psg' discarded because strategy with same name already parsed from '/data/Tools/Xilinx/Vivado/2023.1//strategies/VDS2014.psg'
WARNING: [Runs 36-547] Tool Strategy 'Flow_AreaOptimized_High' from file '/data/Tools/Xilinx/Vivado/2023.1/strategies/VDS2014.psg' discarded because strategy with same name already parsed from '/data/Tools/Xilinx/Vivado/2023.1//strategies/VDS2014.psg'
WARNING: [Runs 36-547] Tool Strategy 'Flow_PerfOptimized_High' from file '/data/Tools/Xilinx/Vivado/2023.1/strategies/VDS2014.psg' discarded because strategy with same name already parsed from '/data/Tools/Xilinx/Vivado/2023.1//strategies/VDS2014.psg'
WARNING: [Runs 36-547] Tool Strategy 'Vivado Implementation Defaults' from file '/data/Tools/Xilinx/Vivado/2023.1/strategies/VDI2012.psg' discarded because strategy with same name already parsed from '/data/Tools/Xilinx/Vivado/2023.1//strategies/VDI2012.psg'
WARNING: [Runs 36-547] Tool Strategy 'HighEffort' from file '/data/Tools/Xilinx/Vivado/2023.1/strategies/VDI2012.psg' discarded because strategy with same name already parsed from '/data/Tools/Xilinx/Vivado/2023.1//strategies/VDI2012.psg'
WARNING: [Runs 36-547] Tool Strategy 'HighEffortPhySynth' from file '/data/Tools/Xilinx/Vivado/2023.1/strategies/VDI2012.psg' discarded because strategy with same name already parsed from '/data/Tools/Xilinx/Vivado/2023.1//strategies/VDI2012.psg'
WARNING: [Runs 36-547] Tool Strategy 'LowEffort' from file '/data/Tools/Xilinx/Vivado/2023.1/strategies/VDI2012.psg' discarded because strategy with same name already parsed from '/data/Tools/Xilinx/Vivado/2023.1//strategies/VDI2012.psg'
WARNING: [Runs 36-547] Tool Strategy 'QuickEffort' from file '/data/Tools/Xilinx/Vivado/2023.1/strategies/VDI2012.psg' discarded because strategy with same name already parsed from '/data/Tools/Xilinx/Vivado/2023.1//strategies/VDI2012.psg'
WARNING: [Runs 36-547] Tool Strategy 'Vivado Synthesis Defaults' from file '/data/Tools/Xilinx/Vivado/2023.1/strategies/VDS2021.psg' discarded because strategy with same name already parsed from '/data/Tools/Xilinx/Vivado/2023.1//strategies/VDS2021.psg'
WARNING: [Runs 36-547] Tool Strategy 'Flow_AreaOptimized_high' from file '/data/Tools/Xilinx/Vivado/2023.1/strategies/VDS2021.psg' discarded because strategy with same name already parsed from '/data/Tools/Xilinx/Vivado/2023.1//strategies/VDS2021.psg'
WARNING: [Runs 36-547] Tool Strategy 'Flow_AreaOptimized_medium' from file '/data/Tools/Xilinx/Vivado/2023.1/strategies/VDS2021.psg' discarded because strategy with same name already parsed from '/data/Tools/Xilinx/Vivado/2023.1//strategies/VDS2021.psg'
WARNING: [Runs 36-547] Tool Strategy 'Flow_AreaMultThresholdDSP' from file '/data/Tools/Xilinx/Vivado/2023.1/strategies/VDS2021.psg' discarded because strategy with same name already parsed from '/data/Tools/Xilinx/Vivado/2023.1//strategies/VDS2021.psg'
WARNING: [Runs 36-547] Tool Strategy 'Flow_AlternateRoutability' from file '/data/Tools/Xilinx/Vivado/2023.1/strategies/VDS2021.psg' discarded because strategy with same name already parsed from '/data/Tools/Xilinx/Vivado/2023.1//strategies/VDS2021.psg'
WARNING: [Runs 36-547] Tool Strategy 'Flow_PerfOptimized_high' from file '/data/Tools/Xilinx/Vivado/2023.1/strategies/VDS2021.psg' discarded because strategy with same name already parsed from '/data/Tools/Xilinx/Vivado/2023.1//strategies/VDS2021.psg'
WARNING: [Runs 36-547] Tool Strategy 'Flow_PerfThresholdCarry' from file '/data/Tools/Xilinx/Vivado/2023.1/strategies/VDS2021.psg' discarded because strategy with same name already parsed from '/data/Tools/Xilinx/Vivado/2023.1//strategies/VDS2021.psg'
WARNING: [Runs 36-547] Tool Strategy 'Flow_RuntimeOptimized' from file '/data/Tools/Xilinx/Vivado/2023.1/strategies/VDS2021.psg' discarded because strategy with same name already parsed from '/data/Tools/Xilinx/Vivado/2023.1//strategies/VDS2021.psg'
WARNING: [Runs 36-547] Tool Strategy 'Vivado Implementation Defaults' from file '/data/Tools/Xilinx/Vivado/2023.1/strategies/VDI2022.psg' discarded because strategy with same name already parsed from '/data/Tools/Xilinx/Vivado/2023.1//strategies/VDI2022.psg'
WARNING: [Runs 36-547] Tool Strategy 'Performance_Auto_1' from file '/data/Tools/Xilinx/Vivado/2023.1/strategies/VDI2022.psg' discarded because strategy with same name already parsed from '/data/Tools/Xilinx/Vivado/2023.1//strategies/VDI2022.psg'
WARNING: [Runs 36-547] Tool Strategy 'Performance_Auto_2' from file '/data/Tools/Xilinx/Vivado/2023.1/strategies/VDI2022.psg' discarded because strategy with same name already parsed from '/data/Tools/Xilinx/Vivado/2023.1//strategies/VDI2022.psg'
WARNING: [Runs 36-547] Tool Strategy 'Performance_Auto_3' from file '/data/Tools/Xilinx/Vivado/2023.1/strategies/VDI2022.psg' discarded because strategy with same name already parsed from '/data/Tools/Xilinx/Vivado/2023.1//strategies/VDI2022.psg'
WARNING: [Runs 36-547] Tool Strategy 'Performance_Explore' from file '/data/Tools/Xilinx/Vivado/2023.1/strategies/VDI2022.psg' discarded because strategy with same name already parsed from '/data/Tools/Xilinx/Vivado/2023.1//strategies/VDI2022.psg'
WARNING: [Runs 36-547] Tool Strategy 'Performance_ExplorePostRoutePhysOpt' from file '/data/Tools/Xilinx/Vivado/2023.1/strategies/VDI2022.psg' discarded because strategy with same name already parsed from '/data/Tools/Xilinx/Vivado/2023.1//strategies/VDI2022.psg'
WARNING: [Runs 36-547] Tool Strategy 'Performance_ExploreWithRemap' from file '/data/Tools/Xilinx/Vivado/2023.1/strategies/VDI2022.psg' discarded because strategy with same name already parsed from '/data/Tools/Xilinx/Vivado/2023.1//strategies/VDI2022.psg'
WARNING: [Runs 36-547] Tool Strategy 'Performance_WLBlockPlacement' from file '/data/Tools/Xilinx/Vivado/2023.1/strategies/VDI2022.psg' discarded because strategy with same name already parsed from '/data/Tools/Xilinx/Vivado/2023.1//strategies/VDI2022.psg'
WARNING: [Runs 36-547] Tool Strategy 'Performance_WLBlockPlacementFanoutOpt' from file '/data/Tools/Xilinx/Vivado/2023.1/strategies/VDI2022.psg' discarded because strategy with same name already parsed from '/data/Tools/Xilinx/Vivado/2023.1//strategies/VDI2022.psg'
WARNING: [Runs 36-547] Tool Strategy 'Performance_EarlyBlockPlacement' from file '/data/Tools/Xilinx/Vivado/2023.1/strategies/VDI2022.psg' discarded because strategy with same name already parsed from '/data/Tools/Xilinx/Vivado/2023.1//strategies/VDI2022.psg'
WARNING: [Runs 36-547] Tool Strategy 'Performance_NetDelay_high' from file '/data/Tools/Xilinx/Vivado/2023.1/strategies/VDI2022.psg' discarded because strategy with same name already parsed from '/data/Tools/Xilinx/Vivado/2023.1//strategies/VDI2022.psg'
WARNING: [Runs 36-547] Tool Strategy 'Performance_NetDelay_low' from file '/data/Tools/Xilinx/Vivado/2023.1/strategies/VDI2022.psg' discarded because strategy with same name already parsed from '/data/Tools/Xilinx/Vivado/2023.1//strategies/VDI2022.psg'
WARNING: [Runs 36-547] Tool Strategy 'Performance_Retiming' from file '/data/Tools/Xilinx/Vivado/2023.1/strategies/VDI2022.psg' discarded because strategy with same name already parsed from '/data/Tools/Xilinx/Vivado/2023.1//strategies/VDI2022.psg'
WARNING: [Runs 36-547] Tool Strategy 'Performance_ExtraTimingOpt' from file '/data/Tools/Xilinx/Vivado/2023.1/strategies/VDI2022.psg' discarded because strategy with same name already parsed from '/data/Tools/Xilinx/Vivado/2023.1//strategies/VDI2022.psg'
WARNING: [Runs 36-547] Tool Strategy 'Performance_RefinePlacement' from file '/data/Tools/Xilinx/Vivado/2023.1/strategies/VDI2022.psg' discarded because strategy with same name already parsed from '/data/Tools/Xilinx/Vivado/2023.1//strategies/VDI2022.psg'
WARNING: [Runs 36-547] Tool Strategy 'Performance_SpreadSLLs' from file '/data/Tools/Xilinx/Vivado/2023.1/strategies/VDI2022.psg' discarded because strategy with same name already parsed from '/data/Tools/Xilinx/Vivado/2023.1//strategies/VDI2022.psg'
WARNING: [Runs 36-547] Tool Strategy 'Performance_BalanceSLLs' from file '/data/Tools/Xilinx/Vivado/2023.1/strategies/VDI2022.psg' discarded because strategy with same name already parsed from '/data/Tools/Xilinx/Vivado/2023.1//strategies/VDI2022.psg'
WARNING: [Runs 36-547] Tool Strategy 'Performance_BalanceSLRs' from file '/data/Tools/Xilinx/Vivado/2023.1/strategies/VDI2022.psg' discarded because strategy with same name already parsed from '/data/Tools/Xilinx/Vivado/2023.1//strategies/VDI2022.psg'
WARNING: [Runs 36-547] Tool Strategy 'Performance_HighUtilSLRs' from file '/data/Tools/Xilinx/Vivado/2023.1/strategies/VDI2022.psg' discarded because strategy with same name already parsed from '/data/Tools/Xilinx/Vivado/2023.1//strategies/VDI2022.psg'
WARNING: [Runs 36-547] Tool Strategy 'Congestion_SpreadLogic_high' from file '/data/Tools/Xilinx/Vivado/2023.1/strategies/VDI2022.psg' discarded because strategy with same name already parsed from '/data/Tools/Xilinx/Vivado/2023.1//strategies/VDI2022.psg'
WARNING: [Runs 36-547] Tool Strategy 'Congestion_SpreadLogic_medium' from file '/data/Tools/Xilinx/Vivado/2023.1/strategies/VDI2022.psg' discarded because strategy with same name already parsed from '/data/Tools/Xilinx/Vivado/2023.1//strategies/VDI2022.psg'
WARNING: [Runs 36-547] Tool Strategy 'Congestion_SpreadLogic_low' from file '/data/Tools/Xilinx/Vivado/2023.1/strategies/VDI2022.psg' discarded because strategy with same name already parsed from '/data/Tools/Xilinx/Vivado/2023.1//strategies/VDI2022.psg'
WARNING: [Runs 36-547] Tool Strategy 'Congestion_SSI_SpreadLogic_high' from file '/data/Tools/Xilinx/Vivado/2023.1/strategies/VDI2022.psg' discarded because strategy with same name already parsed from '/data/Tools/Xilinx/Vivado/2023.1//strategies/VDI2022.psg'
WARNING: [Runs 36-547] Tool Strategy 'Congestion_SSI_SpreadLogic_low' from file '/data/Tools/Xilinx/Vivado/2023.1/strategies/VDI2022.psg' discarded because strategy with same name already parsed from '/data/Tools/Xilinx/Vivado/2023.1//strategies/VDI2022.psg'
WARNING: [Runs 36-547] Tool Strategy 'Area_Explore' from file '/data/Tools/Xilinx/Vivado/2023.1/strategies/VDI2022.psg' discarded because strategy with same name already parsed from '/data/Tools/Xilinx/Vivado/2023.1//strategies/VDI2022.psg'
WARNING: [Runs 36-547] Tool Strategy 'Area_ExploreSequential' from file '/data/Tools/Xilinx/Vivado/2023.1/strategies/VDI2022.psg' discarded because strategy with same name already parsed from '/data/Tools/Xilinx/Vivado/2023.1//strategies/VDI2022.psg'
WARNING: [Runs 36-547] Tool Strategy 'Area_ExploreWithRemap' from file '/data/Tools/Xilinx/Vivado/2023.1/strategies/VDI2022.psg' discarded because strategy with same name already parsed from '/data/Tools/Xilinx/Vivado/2023.1//strategies/VDI2022.psg'
WARNING: [Runs 36-547] Tool Strategy 'Power_DefaultOpt' from file '/data/Tools/Xilinx/Vivado/2023.1/strategies/VDI2022.psg' discarded because strategy with same name already parsed from '/data/Tools/Xilinx/Vivado/2023.1//strategies/VDI2022.psg'
WARNING: [Runs 36-547] Tool Strategy 'Power_ExploreArea' from file '/data/Tools/Xilinx/Vivado/2023.1/strategies/VDI2022.psg' discarded because strategy with same name already parsed from '/data/Tools/Xilinx/Vivado/2023.1//strategies/VDI2022.psg'
WARNING: [Runs 36-547] Tool Strategy 'Flow_RunPhysOpt' from file '/data/Tools/Xilinx/Vivado/2023.1/strategies/VDI2022.psg' discarded because strategy with same name already parsed from '/data/Tools/Xilinx/Vivado/2023.1//strategies/VDI2022.psg'
WARNING: [Runs 36-547] Tool Strategy 'Flow_RunPostRoutePhysOpt' from file '/data/Tools/Xilinx/Vivado/2023.1/strategies/VDI2022.psg' discarded because strategy with same name already parsed from '/data/Tools/Xilinx/Vivado/2023.1//strategies/VDI2022.psg'
WARNING: [Runs 36-547] Tool Strategy 'Flow_RuntimeOptimized' from file '/data/Tools/Xilinx/Vivado/2023.1/strategies/VDI2022.psg' discarded because strategy with same name already parsed from '/data/Tools/Xilinx/Vivado/2023.1//strategies/VDI2022.psg'
WARNING: [Runs 36-547] Tool Strategy 'Flow_Quick' from file '/data/Tools/Xilinx/Vivado/2023.1/strategies/VDI2022.psg' discarded because strategy with same name already parsed from '/data/Tools/Xilinx/Vivado/2023.1//strategies/VDI2022.psg'
WARNING: [Runs 36-547] Tool Strategy 'Vivado Synthesis Defaults' from file '/data/Tools/Xilinx/Vivado/2023.1/strategies/VDS2017.psg' discarded because strategy with same name already parsed from '/data/Tools/Xilinx/Vivado/2023.1//strategies/VDS2017.psg'
WARNING: [Runs 36-547] Tool Strategy 'Flow_AreaOptimized_high' from file '/data/Tools/Xilinx/Vivado/2023.1/strategies/VDS2017.psg' discarded because strategy with same name already parsed from '/data/Tools/Xilinx/Vivado/2023.1//strategies/VDS2017.psg'
WARNING: [Runs 36-547] Tool Strategy 'Flow_AreaOptimized_medium' from file '/data/Tools/Xilinx/Vivado/2023.1/strategies/VDS2017.psg' discarded because strategy with same name already parsed from '/data/Tools/Xilinx/Vivado/2023.1//strategies/VDS2017.psg'
WARNING: [Runs 36-547] Tool Strategy 'Flow_AreaMultThresholdDSP' from file '/data/Tools/Xilinx/Vivado/2023.1/strategies/VDS2017.psg' discarded because strategy with same name already parsed from '/data/Tools/Xilinx/Vivado/2023.1//strategies/VDS2017.psg'
WARNING: [Runs 36-547] Tool Strategy 'Flow_AlternateRoutability' from file '/data/Tools/Xilinx/Vivado/2023.1/strategies/VDS2017.psg' discarded because strategy with same name already parsed from '/data/Tools/Xilinx/Vivado/2023.1//strategies/VDS2017.psg'
WARNING: [Runs 36-547] Tool Strategy 'Flow_PerfOptimized_high' from file '/data/Tools/Xilinx/Vivado/2023.1/strategies/VDS2017.psg' discarded because strategy with same name already parsed from '/data/Tools/Xilinx/Vivado/2023.1//strategies/VDS2017.psg'
WARNING: [Runs 36-547] Tool Strategy 'Flow_PerfThresholdCarry' from file '/data/Tools/Xilinx/Vivado/2023.1/strategies/VDS2017.psg' discarded because strategy with same name already parsed from '/data/Tools/Xilinx/Vivado/2023.1//strategies/VDS2017.psg'
WARNING: [Runs 36-547] Tool Strategy 'Flow_RuntimeOptimized' from file '/data/Tools/Xilinx/Vivado/2023.1/strategies/VDS2017.psg' discarded because strategy with same name already parsed from '/data/Tools/Xilinx/Vivado/2023.1//strategies/VDS2017.psg'
WARNING: [Runs 36-547] Tool Strategy 'Vivado Synthesis Defaults' from file '/data/Tools/Xilinx/Vivado/2023.1/strategies/VDS2013.psg' discarded because strategy with same name already parsed from '/data/Tools/Xilinx/Vivado/2023.1//strategies/VDS2013.psg'
WARNING: [Runs 36-547] Tool Strategy 'Flow_RuntimeOptimized' from file '/data/Tools/Xilinx/Vivado/2023.1/strategies/VDS2013.psg' discarded because strategy with same name already parsed from '/data/Tools/Xilinx/Vivado/2023.1//strategies/VDS2013.psg'
WARNING: [Runs 36-547] Tool Strategy 'Rodin Implementation Defaults' from file '/data/Tools/Xilinx/Vivado/2023.1/strategies/RDI13.psg' discarded because strategy with same name already parsed from '/data/Tools/Xilinx/Vivado/2023.1//strategies/RDI13.psg'
WARNING: [Runs 36-547] Tool Strategy 'Vivado Implementation Defaults' from file '/data/Tools/Xilinx/Vivado/2023.1/strategies/VDI2015.psg' discarded because strategy with same name already parsed from '/data/Tools/Xilinx/Vivado/2023.1//strategies/VDI2015.psg'
WARNING: [Runs 36-547] Tool Strategy 'Performance_Explore' from file '/data/Tools/Xilinx/Vivado/2023.1/strategies/VDI2015.psg' discarded because strategy with same name already parsed from '/data/Tools/Xilinx/Vivado/2023.1//strategies/VDI2015.psg'
WARNING: [Runs 36-547] Tool Strategy 'Performance_ExplorePostRoutePhysOpt' from file '/data/Tools/Xilinx/Vivado/2023.1/strategies/VDI2015.psg' discarded because strategy with same name already parsed from '/data/Tools/Xilinx/Vivado/2023.1//strategies/VDI2015.psg'
WARNING: [Runs 36-547] Tool Strategy 'Performance_RefinePlacement' from file '/data/Tools/Xilinx/Vivado/2023.1/strategies/VDI2015.psg' discarded because strategy with same name already parsed from '/data/Tools/Xilinx/Vivado/2023.1//strategies/VDI2015.psg'
WARNING: [Runs 36-547] Tool Strategy 'Performance_WLBlockPlacement' from file '/data/Tools/Xilinx/Vivado/2023.1/strategies/VDI2015.psg' discarded because strategy with same name already parsed from '/data/Tools/Xilinx/Vivado/2023.1//strategies/VDI2015.psg'
WARNING: [Runs 36-547] Tool Strategy 'Performance_WLBlockPlacementFanoutOpt' from file '/data/Tools/Xilinx/Vivado/2023.1/strategies/VDI2015.psg' discarded because strategy with same name already parsed from '/data/Tools/Xilinx/Vivado/2023.1//strategies/VDI2015.psg'
WARNING: [Runs 36-547] Tool Strategy 'Performance_NetDelay_high' from file '/data/Tools/Xilinx/Vivado/2023.1/strategies/VDI2015.psg' discarded because strategy with same name already parsed from '/data/Tools/Xilinx/Vivado/2023.1//strategies/VDI2015.psg'
WARNING: [Runs 36-547] Tool Strategy 'Performance_NetDelay_medium' from file '/data/Tools/Xilinx/Vivado/2023.1/strategies/VDI2015.psg' discarded because strategy with same name already parsed from '/data/Tools/Xilinx/Vivado/2023.1//strategies/VDI2015.psg'
WARNING: [Runs 36-547] Tool Strategy 'Performance_NetDelay_low' from file '/data/Tools/Xilinx/Vivado/2023.1/strategies/VDI2015.psg' discarded because strategy with same name already parsed from '/data/Tools/Xilinx/Vivado/2023.1//strategies/VDI2015.psg'
WARNING: [Runs 36-547] Tool Strategy 'Performance_ExploreSLLs' from file '/data/Tools/Xilinx/Vivado/2023.1/strategies/VDI2015.psg' discarded because strategy with same name already parsed from '/data/Tools/Xilinx/Vivado/2023.1//strategies/VDI2015.psg'
WARNING: [Runs 36-547] Tool Strategy 'Performance_Retiming' from file '/data/Tools/Xilinx/Vivado/2023.1/strategies/VDI2015.psg' discarded because strategy with same name already parsed from '/data/Tools/Xilinx/Vivado/2023.1//strategies/VDI2015.psg'
WARNING: [Runs 36-547] Tool Strategy 'Area_Explore' from file '/data/Tools/Xilinx/Vivado/2023.1/strategies/VDI2015.psg' discarded because strategy with same name already parsed from '/data/Tools/Xilinx/Vivado/2023.1//strategies/VDI2015.psg'
WARNING: [Runs 36-547] Tool Strategy 'Power_DefaultOpt' from file '/data/Tools/Xilinx/Vivado/2023.1/strategies/VDI2015.psg' discarded because strategy with same name already parsed from '/data/Tools/Xilinx/Vivado/2023.1//strategies/VDI2015.psg'
WARNING: [Runs 36-547] Tool Strategy 'Flow_RunPhysOpt' from file '/data/Tools/Xilinx/Vivado/2023.1/strategies/VDI2015.psg' discarded because strategy with same name already parsed from '/data/Tools/Xilinx/Vivado/2023.1//strategies/VDI2015.psg'
WARNING: [Runs 36-547] Tool Strategy 'Flow_RunPostRoutePhysOpt' from file '/data/Tools/Xilinx/Vivado/2023.1/strategies/VDI2015.psg' discarded because strategy with same name already parsed from '/data/Tools/Xilinx/Vivado/2023.1//strategies/VDI2015.psg'
WARNING: [Runs 36-547] Tool Strategy 'Flow_RuntimeOptimized' from file '/data/Tools/Xilinx/Vivado/2023.1/strategies/VDI2015.psg' discarded because strategy with same name already parsed from '/data/Tools/Xilinx/Vivado/2023.1//strategies/VDI2015.psg'
WARNING: [Runs 36-547] Tool Strategy 'Flow_Quick' from file '/data/Tools/Xilinx/Vivado/2023.1/strategies/VDI2015.psg' discarded because strategy with same name already parsed from '/data/Tools/Xilinx/Vivado/2023.1//strategies/VDI2015.psg'
WARNING: [Runs 36-547] Tool Strategy 'Congestion_SpreadLogic_high' from file '/data/Tools/Xilinx/Vivado/2023.1/strategies/VDI2015.psg' discarded because strategy with same name already parsed from '/data/Tools/Xilinx/Vivado/2023.1//strategies/VDI2015.psg'
WARNING: [Runs 36-547] Tool Strategy 'Congestion_SpreadLogic_medium' from file '/data/Tools/Xilinx/Vivado/2023.1/strategies/VDI2015.psg' discarded because strategy with same name already parsed from '/data/Tools/Xilinx/Vivado/2023.1//strategies/VDI2015.psg'
WARNING: [Runs 36-547] Tool Strategy 'Congestion_SpreadLogic_low' from file '/data/Tools/Xilinx/Vivado/2023.1/strategies/VDI2015.psg' discarded because strategy with same name already parsed from '/data/Tools/Xilinx/Vivado/2023.1//strategies/VDI2015.psg'
WARNING: [Runs 36-547] Tool Strategy 'Congestion_SpreadLogicSLLs' from file '/data/Tools/Xilinx/Vivado/2023.1/strategies/VDI2015.psg' discarded because strategy with same name already parsed from '/data/Tools/Xilinx/Vivado/2023.1//strategies/VDI2015.psg'
WARNING: [Runs 36-547] Tool Strategy 'Congestion_BalanceSLLs' from file '/data/Tools/Xilinx/Vivado/2023.1/strategies/VDI2015.psg' discarded because strategy with same name already parsed from '/data/Tools/Xilinx/Vivado/2023.1//strategies/VDI2015.psg'
WARNING: [Runs 36-547] Tool Strategy 'Congestion_BalanceSLRs' from file '/data/Tools/Xilinx/Vivado/2023.1/strategies/VDI2015.psg' discarded because strategy with same name already parsed from '/data/Tools/Xilinx/Vivado/2023.1//strategies/VDI2015.psg'
WARNING: [Runs 36-547] Tool Strategy 'Congestion_CompressSLRs' from file '/data/Tools/Xilinx/Vivado/2023.1/strategies/VDI2015.psg' discarded because strategy with same name already parsed from '/data/Tools/Xilinx/Vivado/2023.1//strategies/VDI2015.psg'
WARNING: [Runs 36-547] Tool Strategy 'Vivado Implementation Defaults' from file '/data/Tools/Xilinx/Vivado/2023.1/strategies/VDI2019.psg' discarded because strategy with same name already parsed from '/data/Tools/Xilinx/Vivado/2023.1//strategies/VDI2019.psg'
WARNING: [Runs 36-547] Tool Strategy 'Performance_Explore' from file '/data/Tools/Xilinx/Vivado/2023.1/strategies/VDI2019.psg' discarded because strategy with same name already parsed from '/data/Tools/Xilinx/Vivado/2023.1//strategies/VDI2019.psg'
WARNING: [Runs 36-547] Tool Strategy 'Performance_ExplorePostRoutePhysOpt' from file '/data/Tools/Xilinx/Vivado/2023.1/strategies/VDI2019.psg' discarded because strategy with same name already parsed from '/data/Tools/Xilinx/Vivado/2023.1//strategies/VDI2019.psg'
WARNING: [Runs 36-547] Tool Strategy 'Performance_ExploreWithRemap' from file '/data/Tools/Xilinx/Vivado/2023.1/strategies/VDI2019.psg' discarded because strategy with same name already parsed from '/data/Tools/Xilinx/Vivado/2023.1//strategies/VDI2019.psg'
WARNING: [Runs 36-547] Tool Strategy 'Performance_WLBlockPlacement' from file '/data/Tools/Xilinx/Vivado/2023.1/strategies/VDI2019.psg' discarded because strategy with same name already parsed from '/data/Tools/Xilinx/Vivado/2023.1//strategies/VDI2019.psg'
WARNING: [Runs 36-547] Tool Strategy 'Performance_WLBlockPlacementFanoutOpt' from file '/data/Tools/Xilinx/Vivado/2023.1/strategies/VDI2019.psg' discarded because strategy with same name already parsed from '/data/Tools/Xilinx/Vivado/2023.1//strategies/VDI2019.psg'
WARNING: [Runs 36-547] Tool Strategy 'Performance_EarlyBlockPlacement' from file '/data/Tools/Xilinx/Vivado/2023.1/strategies/VDI2019.psg' discarded because strategy with same name already parsed from '/data/Tools/Xilinx/Vivado/2023.1//strategies/VDI2019.psg'
WARNING: [Runs 36-547] Tool Strategy 'Performance_NetDelay_high' from file '/data/Tools/Xilinx/Vivado/2023.1/strategies/VDI2019.psg' discarded because strategy with same name already parsed from '/data/Tools/Xilinx/Vivado/2023.1//strategies/VDI2019.psg'
WARNING: [Runs 36-547] Tool Strategy 'Performance_NetDelay_low' from file '/data/Tools/Xilinx/Vivado/2023.1/strategies/VDI2019.psg' discarded because strategy with same name already parsed from '/data/Tools/Xilinx/Vivado/2023.1//strategies/VDI2019.psg'
WARNING: [Runs 36-547] Tool Strategy 'Performance_Retiming' from file '/data/Tools/Xilinx/Vivado/2023.1/strategies/VDI2019.psg' discarded because strategy with same name already parsed from '/data/Tools/Xilinx/Vivado/2023.1//strategies/VDI2019.psg'
WARNING: [Runs 36-547] Tool Strategy 'Performance_ExtraTimingOpt' from file '/data/Tools/Xilinx/Vivado/2023.1/strategies/VDI2019.psg' discarded because strategy with same name already parsed from '/data/Tools/Xilinx/Vivado/2023.1//strategies/VDI2019.psg'
WARNING: [Runs 36-547] Tool Strategy 'Performance_RefinePlacement' from file '/data/Tools/Xilinx/Vivado/2023.1/strategies/VDI2019.psg' discarded because strategy with same name already parsed from '/data/Tools/Xilinx/Vivado/2023.1//strategies/VDI2019.psg'
WARNING: [Runs 36-547] Tool Strategy 'Performance_SpreadSLLs' from file '/data/Tools/Xilinx/Vivado/2023.1/strategies/VDI2019.psg' discarded because strategy with same name already parsed from '/data/Tools/Xilinx/Vivado/2023.1//strategies/VDI2019.psg'
WARNING: [Runs 36-547] Tool Strategy 'Performance_BalanceSLLs' from file '/data/Tools/Xilinx/Vivado/2023.1/strategies/VDI2019.psg' discarded because strategy with same name already parsed from '/data/Tools/Xilinx/Vivado/2023.1//strategies/VDI2019.psg'
WARNING: [Runs 36-547] Tool Strategy 'Performance_BalanceSLRs' from file '/data/Tools/Xilinx/Vivado/2023.1/strategies/VDI2019.psg' discarded because strategy with same name already parsed from '/data/Tools/Xilinx/Vivado/2023.1//strategies/VDI2019.psg'
INFO: [Common 17-14] Message 'Runs 36-547' appears 100 times and further instances of the messages will be disabled. Use the Tcl command set_msg_config to change the current settings.
WARNING: [Runs 36-546] Tool Report Strategy 'Vivado Implementation Default Reports' from file '/data/Tools/Xilinx/Vivado/2023.1/reportstrategies/VRI2020.psg' discarded because strategy with same name already parsed from '/data/Tools/Xilinx/Vivado/2023.1//reportstrategies/VRI2020.psg'
WARNING: [Runs 36-546] Tool Report Strategy 'UltraFast Design Methodology Reports' from file '/data/Tools/Xilinx/Vivado/2023.1/reportstrategies/VRI2020.psg' discarded because strategy with same name already parsed from '/data/Tools/Xilinx/Vivado/2023.1//reportstrategies/VRI2020.psg'
WARNING: [Runs 36-546] Tool Report Strategy 'Performance Explore Reports' from file '/data/Tools/Xilinx/Vivado/2023.1/reportstrategies/VRI2020.psg' discarded because strategy with same name already parsed from '/data/Tools/Xilinx/Vivado/2023.1//reportstrategies/VRI2020.psg'
WARNING: [Runs 36-546] Tool Report Strategy 'Timing Closure Reports' from file '/data/Tools/Xilinx/Vivado/2023.1/reportstrategies/VRI2020.psg' discarded because strategy with same name already parsed from '/data/Tools/Xilinx/Vivado/2023.1//reportstrategies/VRI2020.psg'
WARNING: [Runs 36-546] Tool Report Strategy 'No Reports' from file '/data/Tools/Xilinx/Vivado/2023.1/reportstrategies/VRI2020.psg' discarded because strategy with same name already parsed from '/data/Tools/Xilinx/Vivado/2023.1//reportstrategies/VRI2020.psg'
WARNING: [Runs 36-546] Tool Report Strategy 'Vivado Synthesis Default Reports' from file '/data/Tools/Xilinx/Vivado/2023.1/reportstrategies/VRS2018.psg' discarded because strategy with same name already parsed from '/data/Tools/Xilinx/Vivado/2023.1//reportstrategies/VRS2018.psg'
WARNING: [Runs 36-546] Tool Report Strategy 'No Reports' from file '/data/Tools/Xilinx/Vivado/2023.1/reportstrategies/VRS2018.psg' discarded because strategy with same name already parsed from '/data/Tools/Xilinx/Vivado/2023.1//reportstrategies/VRS2018.psg'
WARNING: [Runs 36-546] Tool Report Strategy 'Vivado Implementation Default Reports' from file '/data/Tools/Xilinx/Vivado/2023.1/reportstrategies/VRI2022.psg' discarded because strategy with same name already parsed from '/data/Tools/Xilinx/Vivado/2023.1//reportstrategies/VRI2022.psg'
WARNING: [Runs 36-546] Tool Report Strategy 'UltraFast Design Methodology Reports' from file '/data/Tools/Xilinx/Vivado/2023.1/reportstrategies/VRI2022.psg' discarded because strategy with same name already parsed from '/data/Tools/Xilinx/Vivado/2023.1//reportstrategies/VRI2022.psg'
WARNING: [Runs 36-546] Tool Report Strategy 'Performance Explore Reports' from file '/data/Tools/Xilinx/Vivado/2023.1/reportstrategies/VRI2022.psg' discarded because strategy with same name already parsed from '/data/Tools/Xilinx/Vivado/2023.1//reportstrategies/VRI2022.psg'
WARNING: [Runs 36-546] Tool Report Strategy 'Timing Closure Reports' from file '/data/Tools/Xilinx/Vivado/2023.1/reportstrategies/VRI2022.psg' discarded because strategy with same name already parsed from '/data/Tools/Xilinx/Vivado/2023.1//reportstrategies/VRI2022.psg'
WARNING: [Runs 36-546] Tool Report Strategy 'No Reports' from file '/data/Tools/Xilinx/Vivado/2023.1/reportstrategies/VRI2022.psg' discarded because strategy with same name already parsed from '/data/Tools/Xilinx/Vivado/2023.1//reportstrategies/VRI2022.psg'
WARNING: [Runs 36-546] Tool Report Strategy 'Vivado Synthesis Default Reports' from file '/data/Tools/Xilinx/Vivado/2023.1/reportstrategies/VRS2019.psg' discarded because strategy with same name already parsed from '/data/Tools/Xilinx/Vivado/2023.1//reportstrategies/VRS2019.psg'
WARNING: [Runs 36-546] Tool Report Strategy 'No Reports' from file '/data/Tools/Xilinx/Vivado/2023.1/reportstrategies/VRS2019.psg' discarded because strategy with same name already parsed from '/data/Tools/Xilinx/Vivado/2023.1//reportstrategies/VRS2019.psg'
WARNING: [Runs 36-546] Tool Report Strategy 'Vivado Synthesis Default Reports' from file '/data/Tools/Xilinx/Vivado/2023.1/reportstrategies/VRS2021.psg' discarded because strategy with same name already parsed from '/data/Tools/Xilinx/Vivado/2023.1//reportstrategies/VRS2021.psg'
WARNING: [Runs 36-546] Tool Report Strategy 'No Reports' from file '/data/Tools/Xilinx/Vivado/2023.1/reportstrategies/VRS2021.psg' discarded because strategy with same name already parsed from '/data/Tools/Xilinx/Vivado/2023.1//reportstrategies/VRS2021.psg'
WARNING: [Runs 36-546] Tool Report Strategy 'Vivado Implementation Default Reports' from file '/data/Tools/Xilinx/Vivado/2023.1/reportstrategies/VRI2018.psg' discarded because strategy with same name already parsed from '/data/Tools/Xilinx/Vivado/2023.1//reportstrategies/VRI2018.psg'
WARNING: [Runs 36-546] Tool Report Strategy 'UltraFast Design Methodology Reports' from file '/data/Tools/Xilinx/Vivado/2023.1/reportstrategies/VRI2018.psg' discarded because strategy with same name already parsed from '/data/Tools/Xilinx/Vivado/2023.1//reportstrategies/VRI2018.psg'
WARNING: [Runs 36-546] Tool Report Strategy 'Performance Explore Reports' from file '/data/Tools/Xilinx/Vivado/2023.1/reportstrategies/VRI2018.psg' discarded because strategy with same name already parsed from '/data/Tools/Xilinx/Vivado/2023.1//reportstrategies/VRI2018.psg'
WARNING: [Runs 36-546] Tool Report Strategy 'Timing Closure Reports' from file '/data/Tools/Xilinx/Vivado/2023.1/reportstrategies/VRI2018.psg' discarded because strategy with same name already parsed from '/data/Tools/Xilinx/Vivado/2023.1//reportstrategies/VRI2018.psg'
WARNING: [Runs 36-546] Tool Report Strategy 'No Reports' from file '/data/Tools/Xilinx/Vivado/2023.1/reportstrategies/VRI2018.psg' discarded because strategy with same name already parsed from '/data/Tools/Xilinx/Vivado/2023.1//reportstrategies/VRI2018.psg'
WARNING: [Runs 36-546] Tool Report Strategy 'Vivado Synthesis Default Reports' from file '/data/Tools/Xilinx/Vivado/2023.1/reportstrategies/VRS2020.psg' discarded because strategy with same name already parsed from '/data/Tools/Xilinx/Vivado/2023.1//reportstrategies/VRS2020.psg'
WARNING: [Runs 36-546] Tool Report Strategy 'No Reports' from file '/data/Tools/Xilinx/Vivado/2023.1/reportstrategies/VRS2020.psg' discarded because strategy with same name already parsed from '/data/Tools/Xilinx/Vivado/2023.1//reportstrategies/VRS2020.psg'
WARNING: [Runs 36-546] Tool Report Strategy 'Vivado Synthesis Default Reports' from file '/data/Tools/Xilinx/Vivado/2023.1/reportstrategies/VRS2023.psg' discarded because strategy with same name already parsed from '/data/Tools/Xilinx/Vivado/2023.1//reportstrategies/VRS2023.psg'
WARNING: [Runs 36-546] Tool Report Strategy 'No Reports' from file '/data/Tools/Xilinx/Vivado/2023.1/reportstrategies/VRS2023.psg' discarded because strategy with same name already parsed from '/data/Tools/Xilinx/Vivado/2023.1//reportstrategies/VRS2023.psg'
WARNING: [Runs 36-546] Tool Report Strategy 'Vivado Implementation Default Reports' from file '/data/Tools/Xilinx/Vivado/2023.1/reportstrategies/VRI2023.psg' discarded because strategy with same name already parsed from '/data/Tools/Xilinx/Vivado/2023.1//reportstrategies/VRI2023.psg'
WARNING: [Runs 36-546] Tool Report Strategy 'UltraFast Design Methodology Reports' from file '/data/Tools/Xilinx/Vivado/2023.1/reportstrategies/VRI2023.psg' discarded because strategy with same name already parsed from '/data/Tools/Xilinx/Vivado/2023.1//reportstrategies/VRI2023.psg'
WARNING: [Runs 36-546] Tool Report Strategy 'Performance Explore Reports' from file '/data/Tools/Xilinx/Vivado/2023.1/reportstrategies/VRI2023.psg' discarded because strategy with same name already parsed from '/data/Tools/Xilinx/Vivado/2023.1//reportstrategies/VRI2023.psg'
WARNING: [Runs 36-546] Tool Report Strategy 'Timing Closure Reports' from file '/data/Tools/Xilinx/Vivado/2023.1/reportstrategies/VRI2023.psg' discarded because strategy with same name already parsed from '/data/Tools/Xilinx/Vivado/2023.1//reportstrategies/VRI2023.psg'
WARNING: [Runs 36-546] Tool Report Strategy 'No Reports' from file '/data/Tools/Xilinx/Vivado/2023.1/reportstrategies/VRI2023.psg' discarded because strategy with same name already parsed from '/data/Tools/Xilinx/Vivado/2023.1//reportstrategies/VRI2023.psg'
WARNING: [Runs 36-546] Tool Report Strategy 'Vivado Implementation Default Reports' from file '/data/Tools/Xilinx/Vivado/2023.1/reportstrategies/VRI2017.psg' discarded because strategy with same name already parsed from '/data/Tools/Xilinx/Vivado/2023.1//reportstrategies/VRI2017.psg'
WARNING: [Runs 36-546] Tool Report Strategy 'UltraFast Design Methodology Reports' from file '/data/Tools/Xilinx/Vivado/2023.1/reportstrategies/VRI2017.psg' discarded because strategy with same name already parsed from '/data/Tools/Xilinx/Vivado/2023.1//reportstrategies/VRI2017.psg'
WARNING: [Runs 36-546] Tool Report Strategy 'Performance Explore Reports' from file '/data/Tools/Xilinx/Vivado/2023.1/reportstrategies/VRI2017.psg' discarded because strategy with same name already parsed from '/data/Tools/Xilinx/Vivado/2023.1//reportstrategies/VRI2017.psg'
WARNING: [Runs 36-546] Tool Report Strategy 'Timing Closure Reports' from file '/data/Tools/Xilinx/Vivado/2023.1/reportstrategies/VRI2017.psg' discarded because strategy with same name already parsed from '/data/Tools/Xilinx/Vivado/2023.1//reportstrategies/VRI2017.psg'
WARNING: [Runs 36-546] Tool Report Strategy 'No Reports' from file '/data/Tools/Xilinx/Vivado/2023.1/reportstrategies/VRI2017.psg' discarded because strategy with same name already parsed from '/data/Tools/Xilinx/Vivado/2023.1//reportstrategies/VRI2017.psg'
WARNING: [Runs 36-546] Tool Report Strategy 'Vivado Implementation Default Reports' from file '/data/Tools/Xilinx/Vivado/2023.1/reportstrategies/VRI2019.psg' discarded because strategy with same name already parsed from '/data/Tools/Xilinx/Vivado/2023.1//reportstrategies/VRI2019.psg'
WARNING: [Runs 36-546] Tool Report Strategy 'UltraFast Design Methodology Reports' from file '/data/Tools/Xilinx/Vivado/2023.1/reportstrategies/VRI2019.psg' discarded because strategy with same name already parsed from '/data/Tools/Xilinx/Vivado/2023.1//reportstrategies/VRI2019.psg'
WARNING: [Runs 36-546] Tool Report Strategy 'Performance Explore Reports' from file '/data/Tools/Xilinx/Vivado/2023.1/reportstrategies/VRI2019.psg' discarded because strategy with same name already parsed from '/data/Tools/Xilinx/Vivado/2023.1//reportstrategies/VRI2019.psg'
WARNING: [Runs 36-546] Tool Report Strategy 'Timing Closure Reports' from file '/data/Tools/Xilinx/Vivado/2023.1/reportstrategies/VRI2019.psg' discarded because strategy with same name already parsed from '/data/Tools/Xilinx/Vivado/2023.1//reportstrategies/VRI2019.psg'
WARNING: [Runs 36-546] Tool Report Strategy 'No Reports' from file '/data/Tools/Xilinx/Vivado/2023.1/reportstrategies/VRI2019.psg' discarded because strategy with same name already parsed from '/data/Tools/Xilinx/Vivado/2023.1//reportstrategies/VRI2019.psg'
WARNING: [Runs 36-546] Tool Report Strategy 'Vivado Synthesis Default Reports' from file '/data/Tools/Xilinx/Vivado/2023.1/reportstrategies/VRS2022.psg' discarded because strategy with same name already parsed from '/data/Tools/Xilinx/Vivado/2023.1//reportstrategies/VRS2022.psg'
WARNING: [Runs 36-546] Tool Report Strategy 'No Reports' from file '/data/Tools/Xilinx/Vivado/2023.1/reportstrategies/VRS2022.psg' discarded because strategy with same name already parsed from '/data/Tools/Xilinx/Vivado/2023.1//reportstrategies/VRS2022.psg'
WARNING: [Runs 36-546] Tool Report Strategy 'Vivado Synthesis Default Reports' from file '/data/Tools/Xilinx/Vivado/2023.1/reportstrategies/VRS2017.psg' discarded because strategy with same name already parsed from '/data/Tools/Xilinx/Vivado/2023.1//reportstrategies/VRS2017.psg'
WARNING: [Runs 36-546] Tool Report Strategy 'No Reports' from file '/data/Tools/Xilinx/Vivado/2023.1/reportstrategies/VRS2017.psg' discarded because strategy with same name already parsed from '/data/Tools/Xilinx/Vivado/2023.1//reportstrategies/VRS2017.psg'
WARNING: [Runs 36-546] Tool Report Strategy 'Vivado Implementation Default Reports' from file '/data/Tools/Xilinx/Vivado/2023.1/reportstrategies/VRI2021.psg' discarded because strategy with same name already parsed from '/data/Tools/Xilinx/Vivado/2023.1//reportstrategies/VRI2021.psg'
WARNING: [Runs 36-546] Tool Report Strategy 'UltraFast Design Methodology Reports' from file '/data/Tools/Xilinx/Vivado/2023.1/reportstrategies/VRI2021.psg' discarded because strategy with same name already parsed from '/data/Tools/Xilinx/Vivado/2023.1//reportstrategies/VRI2021.psg'
WARNING: [Runs 36-546] Tool Report Strategy 'Performance Explore Reports' from file '/data/Tools/Xilinx/Vivado/2023.1/reportstrategies/VRI2021.psg' discarded because strategy with same name already parsed from '/data/Tools/Xilinx/Vivado/2023.1//reportstrategies/VRI2021.psg'
WARNING: [Runs 36-546] Tool Report Strategy 'Timing Closure Reports' from file '/data/Tools/Xilinx/Vivado/2023.1/reportstrategies/VRI2021.psg' discarded because strategy with same name already parsed from '/data/Tools/Xilinx/Vivado/2023.1//reportstrategies/VRI2021.psg'
WARNING: [Runs 36-546] Tool Report Strategy 'No Reports' from file '/data/Tools/Xilinx/Vivado/2023.1/reportstrategies/VRI2021.psg' discarded because strategy with same name already parsed from '/data/Tools/Xilinx/Vivado/2023.1//reportstrategies/VRI2021.psg'
start_gui
WARNING: [Board 49-26] cannot add Board Part xilinx.com:vek280_es:part0:1.0 available at /data/Tools/Xilinx/Vivado/2023.1/data/xhub/boards/XilinxBoardStore/boards/Xilinx/vek280/es/rev_a/1.0/board.xml as part xcve2802-vsvh1760-2lp-e-s-es1 specified in board_part file is either invalid or not available
WARNING: [Board 49-26] cannot add Board Part xilinx.com:vek280_es:part0:1.1 available at /data/Tools/Xilinx/Vivado/2023.1/data/xhub/boards/XilinxBoardStore/boards/Xilinx/vek280/es/rev_a/1.1/board.xml as part xcve2802-vsvh1760-2lp-e-s-es1 specified in board_part file is either invalid or not available
WARNING: [Board 49-26] cannot add Board Part xilinx.com:vek280_es_revb:part0:1.0 available at /data/Tools/Xilinx/Vivado/2023.1/data/xhub/boards/XilinxBoardStore/boards/Xilinx/vek280/es/rev_b/1.0/board.xml as part xcve2802-vsvh1760-2mp-e-s-es1 specified in board_part file is either invalid or not available
WARNING: [Board 49-26] cannot add Board Part xilinx.com:vek280_es_revb:part0:1.1 available at /data/Tools/Xilinx/Vivado/2023.1/data/xhub/boards/XilinxBoardStore/boards/Xilinx/vek280/es/rev_b/1.1/board.xml as part xcve2802-vsvh1760-2mp-e-s-es1 specified in board_part file is either invalid or not available
WARNING: [Board 49-26] cannot add Board Part xilinx.com:vhk158_es:part0:1.0 available at /data/Tools/Xilinx/Vivado/2023.1/data/xhub/boards/XilinxBoardStore/boards/Xilinx/vhk158/es/1.0/board.xml as part xcvh1582-vsva3697-2mp-e-s-es1 specified in board_part file is either invalid or not available
WARNING: [Board 49-26] cannot add Board Part xilinx.com:vhk158_es:part0:1.1 available at /data/Tools/Xilinx/Vivado/2023.1/data/xhub/boards/XilinxBoardStore/boards/Xilinx/vhk158/es/1.1/board.xml as part xcvh1582-vsva3697-2mp-e-s-es1 specified in board_part file is either invalid or not available
WARNING: [Board 49-26] cannot add Board Part xilinx.com:vpk120_es:part0:1.2 available at /data/Tools/Xilinx/Vivado/2023.1/data/xhub/boards/XilinxBoardStore/boards/Xilinx/vpk120/es/1.2/board.xml as part xcvp1202-vsva2785-2mp-e-s-es1 specified in board_part file is either invalid or not available
WARNING: [Board 49-26] cannot add Board Part xilinx.com:vpk120_es:part0:1.3 available at /data/Tools/Xilinx/Vivado/2023.1/data/xhub/boards/XilinxBoardStore/boards/Xilinx/vpk120/es/1.3/board.xml as part xcvp1202-vsva2785-2mp-e-s-es1 specified in board_part file is either invalid or not available
WARNING: [Board 49-26] cannot add Board Part xilinx.com:vpk120_es_revb:part0:1.0 available at /data/Tools/Xilinx/Vivado/2023.1/data/xhub/boards/XilinxBoardStore/boards/Xilinx/vpk120_revb/es/1.0/board.xml as part xcvp1202-vsva2785-2mp-e-s-es1 specified in board_part file is either invalid or not available
WARNING: [Board 49-26] cannot add Board Part xilinx.com:vpk120_es_revb:part0:1.1 available at /data/Tools/Xilinx/Vivado/2023.1/data/xhub/boards/XilinxBoardStore/boards/Xilinx/vpk120_revb/es/1.1/board.xml as part xcvp1202-vsva2785-2mp-e-s-es1 specified in board_part file is either invalid or not available
WARNING: [Board 49-26] cannot add Board Part xilinx.com:vpk180_es:part0:1.0 available at /data/Tools/Xilinx/Vivado/2023.1/data/xhub/boards/XilinxBoardStore/boards/Xilinx/vpk180/es/1.0/board.xml as part xcvp1802-lsvc4072-2mp-e-s-es1 specified in board_part file is either invalid or not available
WARNING: [Board 49-26] cannot add Board Part xilinx.com:vpk180_es:part0:1.1 available at /data/Tools/Xilinx/Vivado/2023.1/data/xhub/boards/XilinxBoardStore/boards/Xilinx/vpk180/es/1.1/board.xml as part xcvp1802-lsvc4072-2mp-e-s-es1 specified in board_part file is either invalid or not available
WARNING: [Board 49-26] cannot add Board Part xilinx.com:zcu208ld:part0:2.0 available at /data/Tools/Xilinx/Vivado/2023.1/data/xhub/boards/XilinxBoardStore/boards/Xilinx/zcu208ld/production/2.0/board.xml as part xczu58dr-fsvg1517-2-i specified in board_part file is either invalid or not available
WARNING: [Board 49-26] cannot add Board Part xilinx.com:zcu216_es:part0:1.0 available at /data/Tools/Xilinx/Vivado/2023.1/data/xhub/boards/XilinxBoardStore/boards/Xilinx/zcu216/es/1.0/board.xml as part xczu49dr-ffvf1760-2-e-es1 specified in board_part file is either invalid or not available
WARNING: [Board 49-26] cannot add Board Part xilinx.com:zcu216_es:part0:1.1 available at /data/Tools/Xilinx/Vivado/2023.1/data/xhub/boards/XilinxBoardStore/boards/Xilinx/zcu216/es/1.1/board.xml as part xczu49dr-ffvf1760-2-e-es1 specified in board_part file is either invalid or not available
WARNING: [Board 49-26] cannot add Board Part xilinx.com:zcu216_es:part0:1.2 available at /data/Tools/Xilinx/Vivado/2023.1/data/xhub/boards/XilinxBoardStore/boards/Xilinx/zcu216/es/1.2/board.xml as part xczu49dr-ffvf1760-2-e-es1 specified in board_part file is either invalid or not available
WARNING: [Board 49-26] cannot add Board Part xilinx.com:zcu216ld:part0:2.0 available at /data/Tools/Xilinx/Vivado/2023.1/data/xhub/boards/XilinxBoardStore/boards/Xilinx/zcu216ld/production/2.0/board.xml as part xczu59dr-ffvf1760-2-i specified in board_part file is either invalid or not available
WARNING: [Board 49-26] cannot add Board Part xilinx.com:zcu670:part0:2.0 available at /data/Tools/Xilinx/Vivado/2023.1/data/xhub/boards/XilinxBoardStore/boards/Xilinx/zcu670/2.0/board.xml as part xczu67dr-fsve1156-2-i specified in board_part file is either invalid or not available
WARNING: [Board 49-26] cannot add Board Part xilinx.com:zcu670ld:part0:1.0 available at /data/Tools/Xilinx/Vivado/2023.1/data/xhub/boards/XilinxBoardStore/boards/Xilinx/zcu670ld/1.0/board.xml as part xczu57dr-fsve1156-2-i specified in board_part file is either invalid or not available
exit
INFO: [Common 17-206] Exiting Vivado at Mon Jun 30 11:30:57 2025...
