#-----------------------------------------------------------
# Vivado v2021.1 (64-bit)
# SW Build 3247384 on Thu Jun 10 19:36:07 MDT 2021
# IP Build 3246043 on Fri Jun 11 00:30:35 MDT 2021
# Start of session at: Tue Jul  8 17:35:09 2025
# Process ID: 2179137
# Current directory: /home/bgodfrey/CASPER/mlib_devel/jasper_library
# Command line: vivado
# Log file: /home/bgodfrey/CASPER/mlib_devel/jasper_library/vivado.log
# Journal file: /home/bgodfrey/CASPER/mlib_devel/jasper_library/vivado.jou
#-----------------------------------------------------------
start_gui
open_project /data/DesignFiles/scilabdemo_rfsoc/myproj/myproj.xpr
WARNING: [filemgmt 56-3] IP Repository Path: Could not find the directory '/data/DesignFiles/scilabdemo_rfsoc/dspproj/dspproj.srcs'.
Scanning sources...
Finished scanning sources
INFO: [IP_Flow 19-234] Refreshing IP repositories
WARNING: [IP_Flow 19-2248] Failed to load user IP repository '/data/DesignFiles/scilabdemo_rfsoc/dspproj/dspproj.srcs'; Can't find the specified path.
If this directory should no longer be in your list of user repositories, go to the IP Settings dialog and remove it.
INFO: [IP_Flow 19-2313] Loaded Vivado IP repository '/data/Tools/Xilinx/Vivado/2021.1/data/ip'.
INFO: [IP_Flow 19-3899] Cannot get the environment domain name variable for the component vendor name. Setting the vendor name to 'user.org'.
open_project: Time (s): cpu = 00:00:21 ; elapsed = 00:00:07 . Memory (MB): peak = 7620.805 ; gain = 78.355 ; free physical = 1246 ; free virtual = 24940
update_compile_order -fileset sources_1
update_compile_order -fileset sources_1
launch_runs synth_1 -jobs 8
Wrote  : </data/DesignFiles/scilabdemo_rfsoc/myproj/myproj.srcs/sources_1/bd/rfsoc4x2_bd/rfsoc4x2_bd.bd> 
VHDL Output written to : /data/DesignFiles/scilabdemo_rfsoc/myproj/myproj.gen/sources_1/bd/rfsoc4x2_bd/synth/rfsoc4x2_bd.vhd
VHDL Output written to : /data/DesignFiles/scilabdemo_rfsoc/myproj/myproj.gen/sources_1/bd/rfsoc4x2_bd/sim/rfsoc4x2_bd.vhd
VHDL Output written to : /data/DesignFiles/scilabdemo_rfsoc/myproj/myproj.gen/sources_1/bd/rfsoc4x2_bd/hdl/rfsoc4x2_bd_wrapper.vhd
Exporting to file /data/DesignFiles/scilabdemo_rfsoc/myproj/myproj.gen/sources_1/bd/rfsoc4x2_bd/hw_handoff/rfsoc4x2_bd.hwh
Generated Block Design Tcl file /data/DesignFiles/scilabdemo_rfsoc/myproj/myproj.gen/sources_1/bd/rfsoc4x2_bd/hw_handoff/rfsoc4x2_bd_bd.tcl
Generated Hardware Definition File /data/DesignFiles/scilabdemo_rfsoc/myproj/myproj.gen/sources_1/bd/rfsoc4x2_bd/synth/rfsoc4x2_bd.hwdef
[Tue Jul  8 17:41:04 2025] Launched synth_1...
Run output will be captured here: /data/DesignFiles/scilabdemo_rfsoc/myproj/myproj.runs/synth_1/runme.log
reset_run synth_1
launch_runs synth_1 -jobs 8
[Tue Jul  8 17:41:44 2025] Launched synth_1...
Run output will be captured here: /data/DesignFiles/scilabdemo_rfsoc/myproj/myproj.runs/synth_1/runme.log
exit
INFO: [Common 17-206] Exiting Vivado at Tue Jul  8 17:48:00 2025...
