Flow report for scilabdemo_adc2
Fri Dec  5 18:23:21 2025
Quartus Prime Version 24.1std.0 Build 1077 03/04/2025 SC Lite Edition


---------------------
; Table of Contents ;
---------------------
  1. Legal Notice
  2. Flow Summary
  3. Flow Settings
  4. Flow Non-Default Global Settings
  5. Flow Elapsed Time
  6. Flow OS Summary
  7. Flow Log
  8. Flow Messages
  9. Flow Suppressed Messages



----------------
; Legal Notice ;
----------------
Copyright (C) 2025  Altera Corporation. All rights reserved.
Your use of Altera Corporation's design tools, logic functions 
and other software and tools, and any partner logic 
functions, and any output files from any of the foregoing 
(including device programming or simulation files), and any 
associated documentation or information are expressly subject 
to the terms and conditions of the Altera Program License 
Subscription Agreement, the Altera Quartus Prime License Agreement,
the Altera IP License Agreement, or other applicable license
agreement, including, without limitation, that your use is for
the sole purpose of programming logic devices manufactured by
Altera and sold by Altera or its authorized distributors.  Please
refer to the Altera Software License Subscription Agreements 
on the Quartus Prime software download page.



+-----------------------------------------------------------------------------------+
; Flow Summary                                                                      ;
+---------------------------------+-------------------------------------------------+
; Flow Status                     ; Successful - Fri Dec  5 18:23:21 2025           ;
; Quartus Prime Version           ; 24.1std.0 Build 1077 03/04/2025 SC Lite Edition ;
; Revision Name                   ; scilabdemo_adc2                                 ;
; Top-level Entity Name           ; top                                             ;
; Family                          ; Cyclone V                                       ;
; Device                          ; 5CSEBA6U23I7                                    ;
; Timing Models                   ; Final                                           ;
; Logic utilization (in ALMs)     ; 303 / 41,910 ( < 1 % )                          ;
; Total registers                 ; 694                                             ;
; Total pins                      ; 77 / 314 ( 25 % )                               ;
; Total virtual pins              ; 0                                               ;
; Total block memory bits         ; 24,576 / 5,662,720 ( < 1 % )                    ;
; Total DSP Blocks                ; 0 / 112 ( 0 % )                                 ;
; Total HSSI RX PCSs              ; 0                                               ;
; Total HSSI PMA RX Deserializers ; 0                                               ;
; Total HSSI TX PCSs              ; 0                                               ;
; Total HSSI PMA TX Serializers   ; 0                                               ;
; Total PLLs                      ; 1 / 6 ( 17 % )                                  ;
; Total DLLs                      ; 1 / 4 ( 25 % )                                  ;
+---------------------------------+-------------------------------------------------+


+-----------------------------------------+
; Flow Settings                           ;
+-------------------+---------------------+
; Option            ; Setting             ;
+-------------------+---------------------+
; Start date & time ; 12/05/2025 18:20:18 ;
; Main task         ; Compilation         ;
; Revision Name     ; scilabdemo_adc2     ;
+-------------------+---------------------+


+---------------------------------------------------------------------------------------------------------------------------------------------------------------------------------------------------------+
; Flow Non-Default Global Settings                                                                                                                                                                        ;
+-------------------------------------+---------------------------------------------------------------------------+-----------------+---------------------------------+-----------------------------------+
; Assignment Name                     ; Value                                                                     ; Default Value   ; Entity Name                     ; Section Id                        ;
+-------------------------------------+---------------------------------------------------------------------------+-----------------+---------------------------------+-----------------------------------+
; COMPILER_SIGNATURE_ID               ; 123719803759796.176498761641325                                           ; --              ; --                              ; --                                ;
; EDA_GENERATE_FUNCTIONAL_NETLIST     ; Off                                                                       ; --              ; --                              ; eda_board_design_timing           ;
; EDA_GENERATE_FUNCTIONAL_NETLIST     ; Off                                                                       ; --              ; --                              ; eda_board_design_boundary_scan    ;
; EDA_GENERATE_FUNCTIONAL_NETLIST     ; Off                                                                       ; --              ; --                              ; eda_board_design_signal_integrity ;
; EDA_GENERATE_FUNCTIONAL_NETLIST     ; Off                                                                       ; --              ; --                              ; eda_board_design_symbol           ;
; EDA_OUTPUT_DATA_FORMAT              ; Verilog Hdl                                                               ; --              ; --                              ; eda_simulation                    ;
; EDA_SIMULATION_TOOL                 ; Questa Intel FPGA (Verilog)                                               ; <None>          ; --                              ; --                                ;
; EDA_TIME_SCALE                      ; 1 ps                                                                      ; --              ; --                              ; eda_simulation                    ;
; HPS_ISW_FILE                        ; scilab_adc2/synthesis/submodules/sequencer/tclrpt.pre.c                   ; --              ; scilab_adc2_hps_0_hps_io_border ; --                                ;
; HPS_ISW_FILE                        ; scilab_adc2/synthesis/submodules/sequencer/system.pre.h                   ; --              ; scilab_adc2_hps_0_hps_io_border ; --                                ;
; HPS_ISW_FILE                        ; scilab_adc2/synthesis/submodules/sequencer/sequencer.pre.c                ; --              ; scilab_adc2_hps_0_hps_io_border ; --                                ;
; HPS_ISW_FILE                        ; scilab_adc2/synthesis/submodules/sequencer/sdram_io.pre.h                 ; --              ; scilab_adc2_hps_0_hps_io_border ; --                                ;
; HPS_ISW_FILE                        ; scilab_adc2/synthesis/submodules/sequencer/sequencer_auto.pre.h           ; --              ; scilab_adc2_hps_0_hps_io_border ; --                                ;
; HPS_ISW_FILE                        ; scilab_adc2/synthesis/submodules/sequencer/sequencer_auto_ac_init.pre.c   ; --              ; scilab_adc2_hps_0_hps_io_border ; --                                ;
; HPS_ISW_FILE                        ; scilab_adc2/synthesis/submodules/sequencer/emif.pre.xml                   ; --              ; scilab_adc2_hps_0_hps_io_border ; --                                ;
; HPS_ISW_FILE                        ; scilab_adc2/synthesis/submodules/sequencer/alt_types.pre.h                ; --              ; scilab_adc2_hps_0_hps_io_border ; --                                ;
; HPS_ISW_FILE                        ; scilab_adc2/synthesis/submodules/sequencer/tclrpt.pre.h                   ; --              ; scilab_adc2_hps_0_hps_io_border ; --                                ;
; HPS_ISW_FILE                        ; scilab_adc2/synthesis/submodules/sequencer/sequencer.pre.h                ; --              ; scilab_adc2_hps_0_hps_io_border ; --                                ;
; HPS_ISW_FILE                        ; scilab_adc2/synthesis/submodules/sequencer/sequencer_auto_inst_init.pre.c ; --              ; scilab_adc2_hps_0_hps_io_border ; --                                ;
; HPS_ISW_FILE                        ; scilab_adc2/synthesis/submodules/sequencer/sequencer_defines.pre.h        ; --              ; scilab_adc2_hps_0_hps_io_border ; --                                ;
; HPS_ISW_FILE                        ; scilab_adc2/synthesis/submodules/hps.pre.xml                              ; --              ; scilab_adc2_hps_0_hps_io_border ; --                                ;
; HPS_PARTITION                       ; On                                                                        ; --              ; scilab_adc2_hps_0_hps_io_border ; --                                ;
; MAX_CORE_JUNCTION_TEMP              ; 100                                                                       ; --              ; --                              ; --                                ;
; MIN_CORE_JUNCTION_TEMP              ; -40                                                                       ; --              ; --                              ; --                                ;
; MISC_FILE                           ; scilab_adc2/synthesis/../scilab_adc2.cmp                                  ; --              ; --                              ; --                                ;
; MISC_FILE                           ; scilab_adc2/synthesis/scilab_adc2_hps_0_hps.svd                           ; --              ; --                              ; --                                ;
; MISC_FILE                           ; scilab_adc2/synthesis/../../scilab_adc2.qsys                              ; --              ; --                              ; --                                ;
; MISC_FILE                           ; scilab_adc2/synthesis/submodules/sequencer/tclrpt.pre.c                   ; --              ; --                              ; --                                ;
; MISC_FILE                           ; scilab_adc2/synthesis/submodules/sequencer/system.pre.h                   ; --              ; --                              ; --                                ;
; MISC_FILE                           ; scilab_adc2/synthesis/submodules/sequencer/sequencer.pre.c                ; --              ; --                              ; --                                ;
; MISC_FILE                           ; scilab_adc2/synthesis/submodules/sequencer/sdram_io.pre.h                 ; --              ; --                              ; --                                ;
; MISC_FILE                           ; scilab_adc2/synthesis/submodules/sequencer/sequencer_auto.pre.h           ; --              ; --                              ; --                                ;
; MISC_FILE                           ; scilab_adc2/synthesis/submodules/sequencer/sequencer_auto_ac_init.pre.c   ; --              ; --                              ; --                                ;
; MISC_FILE                           ; scilab_adc2/synthesis/submodules/sequencer/emif.pre.xml                   ; --              ; --                              ; --                                ;
; MISC_FILE                           ; scilab_adc2/synthesis/submodules/sequencer/alt_types.pre.h                ; --              ; --                              ; --                                ;
; MISC_FILE                           ; scilab_adc2/synthesis/submodules/sequencer/tclrpt.pre.h                   ; --              ; --                              ; --                                ;
; MISC_FILE                           ; scilab_adc2/synthesis/submodules/sequencer/sequencer.pre.h                ; --              ; --                              ; --                                ;
; MISC_FILE                           ; scilab_adc2/synthesis/submodules/sequencer/sequencer_auto_inst_init.pre.c ; --              ; --                              ; --                                ;
; MISC_FILE                           ; scilab_adc2/synthesis/submodules/sequencer/sequencer_defines.pre.h        ; --              ; --                              ; --                                ;
; MISC_FILE                           ; scilab_adc2/synthesis/submodules/hps.pre.xml                              ; --              ; --                              ; --                                ;
; PARTITION_COLOR                     ; -- (Not supported for targeted family)                                    ; --              ; top                             ; Top                               ;
; PARTITION_FITTER_PRESERVATION_LEVEL ; -- (Not supported for targeted family)                                    ; --              ; top                             ; Top                               ;
; PARTITION_NETLIST_TYPE              ; -- (Not supported for targeted family)                                    ; --              ; top                             ; Top                               ;
; POWER_BOARD_THERMAL_MODEL           ; None (CONSERVATIVE)                                                       ; --              ; --                              ; --                                ;
; POWER_PRESET_COOLING_SOLUTION       ; 23 MM HEAT SINK WITH 200 LFPM AIRFLOW                                     ; --              ; --                              ; --                                ;
; PROJECT_OUTPUT_DIRECTORY            ; output_files                                                              ; --              ; --                              ; --                                ;
; SLD_FILE                            ; scilab_adc2/synthesis/scilab_adc2.regmap                                  ; --              ; --                              ; --                                ;
; SLD_FILE                            ; scilab_adc2/synthesis/scilab_adc2.debuginfo                               ; --              ; --                              ; --                                ;
; SLD_INFO                            ; QSYS_NAME scilab_adc2 HAS_SOPCINFO 1 GENERATION_ID 1764875904             ; --              ; scilab_adc2                     ; --                                ;
; SOPCINFO_FILE                       ; scilab_adc2/synthesis/../../scilab_adc2.sopcinfo                          ; --              ; --                              ; --                                ;
; SYNTHESIS_ONLY_QIP                  ; On                                                                        ; --              ; --                              ; --                                ;
; TOP_LEVEL_ENTITY                    ; top                                                                       ; scilabdemo_adc2 ; --                              ; --                                ;
+-------------------------------------+---------------------------------------------------------------------------+-----------------+---------------------------------+-----------------------------------+


+--------------------------------------------------------------------------------------------------------------------------+
; Flow Elapsed Time                                                                                                        ;
+----------------------+--------------+-------------------------+---------------------+------------------------------------+
; Module Name          ; Elapsed Time ; Average Processors Used ; Peak Virtual Memory ; Total CPU Time (on all processors) ;
+----------------------+--------------+-------------------------+---------------------+------------------------------------+
; Analysis & Synthesis ; 00:01:07     ; 1.0                     ; 722 MB              ; 00:02:55                           ;
; Fitter               ; 00:01:05     ; 1.3                     ; 3421 MB             ; 00:03:17                           ;
; Assembler            ; 00:00:08     ; 1.0                     ; 540 MB              ; 00:00:08                           ;
; Timing Analyzer      ; 00:00:35     ; 1.2                     ; 1753 MB             ; 00:00:40                           ;
; EDA Netlist Writer   ; 00:00:03     ; 1.0                     ; 815 MB              ; 00:00:04                           ;
; Total                ; 00:02:58     ; --                      ; --                  ; 00:07:04                           ;
+----------------------+--------------+-------------------------+---------------------+------------------------------------+


+---------------------------------------------------------------------------------+
; Flow OS Summary                                                                 ;
+----------------------+------------------+---------+------------+----------------+
; Module Name          ; Machine Hostname ; OS Name ; OS Version ; Processor type ;
+----------------------+------------------+---------+------------+----------------+
; Analysis & Synthesis ; panoseti         ; Ubuntu  ; 20         ; x86_64         ;
; Fitter               ; panoseti         ; Ubuntu  ; 20         ; x86_64         ;
; Assembler            ; panoseti         ; Ubuntu  ; 20         ; x86_64         ;
; Timing Analyzer      ; panoseti         ; Ubuntu  ; 20         ; x86_64         ;
; EDA Netlist Writer   ; panoseti         ; Ubuntu  ; 20         ; x86_64         ;
+----------------------+------------------+---------+------------+----------------+


------------
; Flow Log ;
------------
quartus_map --read_settings_files=on --write_settings_files=off scilabdemo_adc2 -c scilabdemo_adc2
quartus_fit --read_settings_files=off --write_settings_files=off scilabdemo_adc2 -c scilabdemo_adc2
quartus_asm --read_settings_files=off --write_settings_files=off scilabdemo_adc2 -c scilabdemo_adc2
quartus_sta scilabdemo_adc2 -c scilabdemo_adc2
quartus_eda --read_settings_files=off --write_settings_files=off scilabdemo_adc2 -c scilabdemo_adc2



