------------------------------------------------------------
Timing Analyzer Summary
------------------------------------------------------------

Type  : Slow 1100mV 100C Model Setup 'scilab_adc2:u_system|scilab_adc2_hps_0:hps_0|scilab_adc2_hps_0_hps_io:hps_io|scilab_adc2_hps_0_hps_io_border:border|hps_sdram:hps_sdram_inst|hps_sdram_pll:pll|afi_clk_write_clk'
Slack : 1.574
TNS   : 0.000

Type  : Slow 1100mV 100C Model Setup 'sys_clk'
Slack : 5.623
TNS   : 0.000

Type  : Slow 1100mV 100C Model Hold 'scilab_adc2:u_system|scilab_adc2_hps_0:hps_0|scilab_adc2_hps_0_hps_io:hps_io|scilab_adc2_hps_0_hps_io_border:border|hps_sdram:hps_sdram_inst|hps_sdram_pll:pll|afi_clk_write_clk'
Slack : 0.164
TNS   : 0.000

Type  : Slow 1100mV 100C Model Hold 'sys_clk'
Slack : 0.386
TNS   : 0.000

Type  : Slow 1100mV 100C Model Recovery 'scilab_adc2:u_system|scilab_adc2_hps_0:hps_0|scilab_adc2_hps_0_hps_io:hps_io|scilab_adc2_hps_0_hps_io_border:border|hps_sdram:hps_sdram_inst|hps_sdram_pll:pll|afi_clk_write_clk'
Slack : 3.040
TNS   : 0.000

Type  : Slow 1100mV 100C Model Recovery 'sys_clk'
Slack : 6.032
TNS   : 0.000

Type  : Slow 1100mV 100C Model Removal 'scilab_adc2:u_system|scilab_adc2_hps_0:hps_0|scilab_adc2_hps_0_hps_io:hps_io|scilab_adc2_hps_0_hps_io_border:border|hps_sdram:hps_sdram_inst|hps_sdram_pll:pll|afi_clk_write_clk'
Slack : 0.562
TNS   : 0.000

Type  : Slow 1100mV 100C Model Removal 'sys_clk'
Slack : 0.853
TNS   : 0.000

Type  : Slow 1100mV 100C Model Minimum Pulse Width 'scilab_adc2:u_system|scilab_adc2_hps_0:hps_0|scilab_adc2_hps_0_hps_io:hps_io|scilab_adc2_hps_0_hps_io_border:border|hps_sdram:hps_sdram_inst|hps_sdram_pll:pll|pll_write_clk_dq_write_clk'
Slack : 0.523
TNS   : 0.000

Type  : Slow 1100mV 100C Model Minimum Pulse Width 'scilab_adc2:u_system|scilab_adc2_hps_0:hps_0|scilab_adc2_hps_0_hps_io:hps_io|scilab_adc2_hps_0_hps_io_border:border|hps_sdram:hps_sdram_inst|hps_sdram_pll:pll|afi_clk_write_clk'
Slack : 0.540
TNS   : 0.000

Type  : Slow 1100mV 100C Model Minimum Pulse Width 'sys_clk'
Slack : 8.805
TNS   : 0.000

Type  : Slow 1100mV -40C Model Setup 'scilab_adc2:u_system|scilab_adc2_hps_0:hps_0|scilab_adc2_hps_0_hps_io:hps_io|scilab_adc2_hps_0_hps_io_border:border|hps_sdram:hps_sdram_inst|hps_sdram_pll:pll|afi_clk_write_clk'
Slack : 1.573
TNS   : 0.000

Type  : Slow 1100mV -40C Model Setup 'sys_clk'
Slack : 5.450
TNS   : 0.000

Type  : Slow 1100mV -40C Model Hold 'scilab_adc2:u_system|scilab_adc2_hps_0:hps_0|scilab_adc2_hps_0_hps_io:hps_io|scilab_adc2_hps_0_hps_io_border:border|hps_sdram:hps_sdram_inst|hps_sdram_pll:pll|afi_clk_write_clk'
Slack : 0.216
TNS   : 0.000

Type  : Slow 1100mV -40C Model Hold 'sys_clk'
Slack : 0.388
TNS   : 0.000

Type  : Slow 1100mV -40C Model Recovery 'scilab_adc2:u_system|scilab_adc2_hps_0:hps_0|scilab_adc2_hps_0_hps_io:hps_io|scilab_adc2_hps_0_hps_io_border:border|hps_sdram:hps_sdram_inst|hps_sdram_pll:pll|afi_clk_write_clk'
Slack : 3.130
TNS   : 0.000

Type  : Slow 1100mV -40C Model Recovery 'sys_clk'
Slack : 6.189
TNS   : 0.000

Type  : Slow 1100mV -40C Model Removal 'scilab_adc2:u_system|scilab_adc2_hps_0:hps_0|scilab_adc2_hps_0_hps_io:hps_io|scilab_adc2_hps_0_hps_io_border:border|hps_sdram:hps_sdram_inst|hps_sdram_pll:pll|afi_clk_write_clk'
Slack : 0.590
TNS   : 0.000

Type  : Slow 1100mV -40C Model Removal 'sys_clk'
Slack : 0.802
TNS   : 0.000

Type  : Slow 1100mV -40C Model Minimum Pulse Width 'scilab_adc2:u_system|scilab_adc2_hps_0:hps_0|scilab_adc2_hps_0_hps_io:hps_io|scilab_adc2_hps_0_hps_io_border:border|hps_sdram:hps_sdram_inst|hps_sdram_pll:pll|pll_write_clk_dq_write_clk'
Slack : 0.525
TNS   : 0.000

Type  : Slow 1100mV -40C Model Minimum Pulse Width 'scilab_adc2:u_system|scilab_adc2_hps_0:hps_0|scilab_adc2_hps_0_hps_io:hps_io|scilab_adc2_hps_0_hps_io_border:border|hps_sdram:hps_sdram_inst|hps_sdram_pll:pll|afi_clk_write_clk'
Slack : 0.546
TNS   : 0.000

Type  : Slow 1100mV -40C Model Minimum Pulse Width 'sys_clk'
Slack : 8.774
TNS   : 0.000

Type  : Fast 1100mV 100C Model Setup 'scilab_adc2:u_system|scilab_adc2_hps_0:hps_0|scilab_adc2_hps_0_hps_io:hps_io|scilab_adc2_hps_0_hps_io_border:border|hps_sdram:hps_sdram_inst|hps_sdram_pll:pll|afi_clk_write_clk'
Slack : 2.113
TNS   : 0.000

Type  : Fast 1100mV 100C Model Setup 'sys_clk'
Slack : 7.891
TNS   : 0.000

Type  : Fast 1100mV 100C Model Hold 'scilab_adc2:u_system|scilab_adc2_hps_0:hps_0|scilab_adc2_hps_0_hps_io:hps_io|scilab_adc2_hps_0_hps_io_border:border|hps_sdram:hps_sdram_inst|hps_sdram_pll:pll|afi_clk_write_clk'
Slack : 0.083
TNS   : 0.000

Type  : Fast 1100mV 100C Model Hold 'sys_clk'
Slack : 0.177
TNS   : 0.000

Type  : Fast 1100mV 100C Model Recovery 'scilab_adc2:u_system|scilab_adc2_hps_0:hps_0|scilab_adc2_hps_0_hps_io:hps_io|scilab_adc2_hps_0_hps_io_border:border|hps_sdram:hps_sdram_inst|hps_sdram_pll:pll|afi_clk_write_clk'
Slack : 3.731
TNS   : 0.000

Type  : Fast 1100mV 100C Model Recovery 'sys_clk'
Slack : 8.300
TNS   : 0.000

Type  : Fast 1100mV 100C Model Removal 'sys_clk'
Slack : 0.385
TNS   : 0.000

Type  : Fast 1100mV 100C Model Removal 'scilab_adc2:u_system|scilab_adc2_hps_0:hps_0|scilab_adc2_hps_0_hps_io:hps_io|scilab_adc2_hps_0_hps_io_border:border|hps_sdram:hps_sdram_inst|hps_sdram_pll:pll|afi_clk_write_clk'
Slack : 0.497
TNS   : 0.000

Type  : Fast 1100mV 100C Model Minimum Pulse Width 'scilab_adc2:u_system|scilab_adc2_hps_0:hps_0|scilab_adc2_hps_0_hps_io:hps_io|scilab_adc2_hps_0_hps_io_border:border|hps_sdram:hps_sdram_inst|hps_sdram_pll:pll|pll_write_clk_dq_write_clk'
Slack : 0.883
TNS   : 0.000

Type  : Fast 1100mV 100C Model Minimum Pulse Width 'scilab_adc2:u_system|scilab_adc2_hps_0:hps_0|scilab_adc2_hps_0_hps_io:hps_io|scilab_adc2_hps_0_hps_io_border:border|hps_sdram:hps_sdram_inst|hps_sdram_pll:pll|afi_clk_write_clk'
Slack : 0.891
TNS   : 0.000

Type  : Fast 1100mV 100C Model Minimum Pulse Width 'sys_clk'
Slack : 8.521
TNS   : 0.000

Type  : Fast 1100mV -40C Model Setup 'scilab_adc2:u_system|scilab_adc2_hps_0:hps_0|scilab_adc2_hps_0_hps_io:hps_io|scilab_adc2_hps_0_hps_io_border:border|hps_sdram:hps_sdram_inst|hps_sdram_pll:pll|afi_clk_write_clk'
Slack : 2.113
TNS   : 0.000

Type  : Fast 1100mV -40C Model Setup 'sys_clk'
Slack : 8.104
TNS   : 0.000

Type  : Fast 1100mV -40C Model Hold 'scilab_adc2:u_system|scilab_adc2_hps_0:hps_0|scilab_adc2_hps_0_hps_io:hps_io|scilab_adc2_hps_0_hps_io_border:border|hps_sdram:hps_sdram_inst|hps_sdram_pll:pll|afi_clk_write_clk'
Slack : 0.076
TNS   : 0.000

Type  : Fast 1100mV -40C Model Hold 'sys_clk'
Slack : 0.164
TNS   : 0.000

Type  : Fast 1100mV -40C Model Recovery 'scilab_adc2:u_system|scilab_adc2_hps_0:hps_0|scilab_adc2_hps_0_hps_io:hps_io|scilab_adc2_hps_0_hps_io_border:border|hps_sdram:hps_sdram_inst|hps_sdram_pll:pll|afi_clk_write_clk'
Slack : 3.843
TNS   : 0.000

Type  : Fast 1100mV -40C Model Recovery 'sys_clk'
Slack : 8.719
TNS   : 0.000

Type  : Fast 1100mV -40C Model Removal 'sys_clk'
Slack : 0.339
TNS   : 0.000

Type  : Fast 1100mV -40C Model Removal 'scilab_adc2:u_system|scilab_adc2_hps_0:hps_0|scilab_adc2_hps_0_hps_io:hps_io|scilab_adc2_hps_0_hps_io_border:border|hps_sdram:hps_sdram_inst|hps_sdram_pll:pll|afi_clk_write_clk'
Slack : 0.463
TNS   : 0.000

Type  : Fast 1100mV -40C Model Minimum Pulse Width 'scilab_adc2:u_system|scilab_adc2_hps_0:hps_0|scilab_adc2_hps_0_hps_io:hps_io|scilab_adc2_hps_0_hps_io_border:border|hps_sdram:hps_sdram_inst|hps_sdram_pll:pll|pll_write_clk_dq_write_clk'
Slack : 0.887
TNS   : 0.000

Type  : Fast 1100mV -40C Model Minimum Pulse Width 'scilab_adc2:u_system|scilab_adc2_hps_0:hps_0|scilab_adc2_hps_0_hps_io:hps_io|scilab_adc2_hps_0_hps_io_border:border|hps_sdram:hps_sdram_inst|hps_sdram_pll:pll|afi_clk_write_clk'
Slack : 0.895
TNS   : 0.000

Type  : Fast 1100mV -40C Model Minimum Pulse Width 'sys_clk'
Slack : 8.447
TNS   : 0.000

------------------------------------------------------------
Info: see the "DDR report" for DDR timing results
------------------------------------------------------------
------------------------------------------------------------
